  Animator.cpp
C:\C++Files\PrototypeEngine\PrototypeEngine\ExternalLibrary\SDL3-3.2.8\include\SDL3\SDL_version.h(121,9): warning C4005: 'SDL_VERSION': マクロが再定義されました。
  (ソース ファイル 'Animator.cpp' をコンパイルしています)
      C:\C++Files\PrototypeEngine\PrototypeEngine\ExternalLibrary\SDL3-3.2.8\include\SDL3\SDL_version.h(121,9):
      'SDL_VERSION' は以前にコマンド ラインで宣言されています
  
C:\C++Files\PrototypeEngine\PrototypeEngine\Component.h(87,12): warning C4251: 'Component::mName': 'std::basic_string<char,std::char_traits<char>,std::allocator<char>>' には、'Component' のクライアントが使用する DLL インターフェイスが必要です
  (ソース ファイル 'Animator.cpp' をコンパイルしています)
      C:\Program Files\Microsoft Visual Studio\2022\Community\VC\Tools\MSVC\14.44.35207\include\xstring(541,7):
      'std::basic_string<char,std::char_traits<char>,std::allocator<char>>' の宣言を確認してください
  
  AnimatorControllerGenerater.cpp
C:\C++Files\PrototypeEngine\PrototypeEngine\ExternalLibrary\SDL3-3.2.8\include\SDL3\SDL_version.h(121,9): warning C4005: 'SDL_VERSION': マクロが再定義されました。
  (ソース ファイル 'AnimatorControllerGenerater.cpp' をコンパイルしています)
      C:\C++Files\PrototypeEngine\PrototypeEngine\ExternalLibrary\SDL3-3.2.8\include\SDL3\SDL_version.h(121,9):
      'SDL_VERSION' は以前にコマンド ラインで宣言されています
  
C:\C++Files\PrototypeEngine\PrototypeEngine\Component.h(87,12): warning C4251: 'Component::mName': 'std::basic_string<char,std::char_traits<char>,std::allocator<char>>' には、'Component' のクライアントが使用する DLL インターフェイスが必要です
  (ソース ファイル 'AnimatorControllerGenerater.cpp' をコンパイルしています)
      C:\Program Files\Microsoft Visual Studio\2022\Community\VC\Tools\MSVC\14.44.35207\include\xstring(541,7):
      'std::basic_string<char,std::char_traits<char>,std::allocator<char>>' の宣言を確認してください
  
C:\Program Files (x86)\Windows Kits\10\Include\10.0.26100.0\um\winnt.h(24912,9): warning C4005: 'KEY_EXECUTE': マクロが再定義されました。
  (ソース ファイル 'AnimatorControllerGenerater.cpp' をコンパイルしています)
      C:\C++Files\PrototypeEngine\PrototypeEngine\SDL_Scancode.h(143,9):
      'KEY_EXECUTE' の以前の定義を確認してください
  
C:\C++Files\PrototypeEngine\PrototypeEngine\AnimatorControllerGenerater.cpp(54,34): warning C4101: 'e': ローカル変数は 1 度も使われていません。
  AnimatorNodeEditorPanel.cpp
C:\C++Files\PrototypeEngine\PrototypeEngine\ExternalLibrary\SDL3-3.2.8\include\SDL3\SDL_version.h(121,9): warning C4005: 'SDL_VERSION': マクロが再定義されました。
  (ソース ファイル 'AnimatorNodeEditorPanel.cpp' をコンパイルしています)
      C:\C++Files\PrototypeEngine\PrototypeEngine\ExternalLibrary\SDL3-3.2.8\include\SDL3\SDL_version.h(121,9):
      'SDL_VERSION' は以前にコマンド ラインで宣言されています
  
C:\C++Files\PrototypeEngine\PrototypeEngine\Component.h(87,12): warning C4251: 'Component::mName': 'std::basic_string<char,std::char_traits<char>,std::allocator<char>>' には、'Component' のクライアントが使用する DLL インターフェイスが必要です
  (ソース ファイル 'AnimatorNodeEditorPanel.cpp' をコンパイルしています)
      C:\Program Files\Microsoft Visual Studio\2022\Community\VC\Tools\MSVC\14.44.35207\include\xstring(541,7):
      'std::basic_string<char,std::char_traits<char>,std::allocator<char>>' の宣言を確認してください
  
C:\Program Files (x86)\Windows Kits\10\Include\10.0.26100.0\um\winnt.h(24912,9): warning C4005: 'KEY_EXECUTE': マクロが再定義されました。
  (ソース ファイル 'AnimatorNodeEditorPanel.cpp' をコンパイルしています)
      C:\C++Files\PrototypeEngine\PrototypeEngine\SDL_Scancode.h(143,9):
      'KEY_EXECUTE' の以前の定義を確認してください
  
  ComponentFactory.cpp
C:\C++Files\PrototypeEngine\PrototypeEngine\ComponentFactory.h(15,44): warning C4251: 'ComponentFactory::sCreators': 'std::map<string,ComponentCreator,std::less<string>,std::allocator<std::pair<const string,ComponentCreator>>>' には、'ComponentFactory' のクライアントが使用する DLL インターフェイスが必要です
  (ソース ファイル 'ComponentFactory.cpp' をコンパイルしています)
      C:\Program Files\Microsoft Visual Studio\2022\Community\VC\Tools\MSVC\14.44.35207\include\map(72,7):
      'std::map<string,ComponentCreator,std::less<string>,std::allocator<std::pair<const string,ComponentCreator>>>' の宣言を確認してください
  
C:\C++Files\PrototypeEngine\PrototypeEngine\ExternalLibrary\SDL3-3.2.8\include\SDL3\SDL_version.h(121,9): warning C4005: 'SDL_VERSION': マクロが再定義されました。
  (ソース ファイル 'ComponentFactory.cpp' をコンパイルしています)
      C:\C++Files\PrototypeEngine\PrototypeEngine\ExternalLibrary\SDL3-3.2.8\include\SDL3\SDL_version.h(121,9):
      'SDL_VERSION' は以前にコマンド ラインで宣言されています
  
C:\C++Files\PrototypeEngine\PrototypeEngine\Component.h(87,12): warning C4251: 'Component::mName': 'std::basic_string<char,std::char_traits<char>,std::allocator<char>>' には、'Component' のクライアントが使用する DLL インターフェイスが必要です
  (ソース ファイル 'ComponentFactory.cpp' をコンパイルしています)
      C:\Program Files\Microsoft Visual Studio\2022\Community\VC\Tools\MSVC\14.44.35207\include\xstring(541,7):
      'std::basic_string<char,std::char_traits<char>,std::allocator<char>>' の宣言を確認してください
  
  CreateActorFromFBXFileCommand.cpp
C:\C++Files\PrototypeEngine\PrototypeEngine\ExternalLibrary\SDL3-3.2.8\include\SDL3\SDL_version.h(121,9): warning C4005: 'SDL_VERSION': マクロが再定義されました。
  (ソース ファイル 'CreateActorFromFBXFileCommand.cpp' をコンパイルしています)
      C:\C++Files\PrototypeEngine\PrototypeEngine\ExternalLibrary\SDL3-3.2.8\include\SDL3\SDL_version.h(121,9):
      'SDL_VERSION' は以前にコマンド ラインで宣言されています
  
C:\C++Files\PrototypeEngine\PrototypeEngine\Component.h(87,12): warning C4251: 'Component::mName': 'std::basic_string<char,std::char_traits<char>,std::allocator<char>>' には、'Component' のクライアントが使用する DLL インターフェイスが必要です
  (ソース ファイル 'CreateActorFromFBXFileCommand.cpp' をコンパイルしています)
      C:\Program Files\Microsoft Visual Studio\2022\Community\VC\Tools\MSVC\14.44.35207\include\xstring(541,7):
      'std::basic_string<char,std::char_traits<char>,std::allocator<char>>' の宣言を確認してください
  
  CreateActorTemplate.cpp
C:\C++Files\PrototypeEngine\PrototypeEngine\Component.h(87,12): warning C4251: 'Component::mName': 'std::basic_string<char,std::char_traits<char>,std::allocator<char>>' には、'Component' のクライアントが使用する DLL インターフェイスが必要です
  (ソース ファイル 'CreateActorTemplate.cpp' をコンパイルしています)
      C:\Program Files\Microsoft Visual Studio\2022\Community\VC\Tools\MSVC\14.44.35207\include\xstring(541,7):
      'std::basic_string<char,std::char_traits<char>,std::allocator<char>>' の宣言を確認してください
  
C:\C++Files\PrototypeEngine\PrototypeEngine\ExternalLibrary\SDL3-3.2.8\include\SDL3\SDL_version.h(121,9): warning C4005: 'SDL_VERSION': マクロが再定義されました。
  (ソース ファイル 'CreateActorTemplate.cpp' をコンパイルしています)
      C:\C++Files\PrototypeEngine\PrototypeEngine\ExternalLibrary\SDL3-3.2.8\include\SDL3\SDL_version.h(121,9):
      'SDL_VERSION' は以前にコマンド ラインで宣言されています
  
  EditorWindowFactory.cpp
C:\C++Files\PrototypeEngine\PrototypeEngine\ExternalLibrary\SDL3-3.2.8\include\SDL3\SDL_version.h(121,9): warning C4005: 'SDL_VERSION': マクロが再定義されました。
  (ソース ファイル 'EditorWindowFactory.cpp' をコンパイルしています)
      C:\C++Files\PrototypeEngine\PrototypeEngine\ExternalLibrary\SDL3-3.2.8\include\SDL3\SDL_version.h(121,9):
      'SDL_VERSION' は以前にコマンド ラインで宣言されています
  
C:\C++Files\PrototypeEngine\PrototypeEngine\Component.h(87,12): warning C4251: 'Component::mName': 'std::basic_string<char,std::char_traits<char>,std::allocator<char>>' には、'Component' のクライアントが使用する DLL インターフェイスが必要です
  (ソース ファイル 'EditorWindowFactory.cpp' をコンパイルしています)
      C:\Program Files\Microsoft Visual Studio\2022\Community\VC\Tools\MSVC\14.44.35207\include\xstring(541,7):
      'std::basic_string<char,std::char_traits<char>,std::allocator<char>>' の宣言を確認してください
  
  ProjectPanel.cpp
C:\C++Files\PrototypeEngine\PrototypeEngine\ExternalLibrary\SDL3-3.2.8\include\SDL3\SDL_version.h(121,9): warning C4005: 'SDL_VERSION': マクロが再定義されました。
  (ソース ファイル 'ProjectPanel.cpp' をコンパイルしています)
      C:\C++Files\PrototypeEngine\PrototypeEngine\ExternalLibrary\SDL3-3.2.8\include\SDL3\SDL_version.h(121,9):
      'SDL_VERSION' は以前にコマンド ラインで宣言されています
  
C:\C++Files\PrototypeEngine\PrototypeEngine\Component.h(87,12): warning C4251: 'Component::mName': 'std::basic_string<char,std::char_traits<char>,std::allocator<char>>' には、'Component' のクライアントが使用する DLL インターフェイスが必要です
  (ソース ファイル 'ProjectPanel.cpp' をコンパイルしています)
      C:\Program Files\Microsoft Visual Studio\2022\Community\VC\Tools\MSVC\14.44.35207\include\xstring(541,7):
      'std::basic_string<char,std::char_traits<char>,std::allocator<char>>' の宣言を確認してください
  
C:\Program Files (x86)\Windows Kits\10\Include\10.0.26100.0\um\winnt.h(24912,9): warning C4005: 'KEY_EXECUTE': マクロが再定義されました。
  (ソース ファイル 'ProjectPanel.cpp' をコンパイルしています)
      C:\C++Files\PrototypeEngine\PrototypeEngine\SDL_Scancode.h(143,9):
      'KEY_EXECUTE' の以前の定義を確認してください
  
  Renderer.cpp
C:\C++Files\PrototypeEngine\PrototypeEngine\ExternalLibrary\SDL3-3.2.8\include\SDL3\SDL_version.h(121,9): warning C4005: 'SDL_VERSION': マクロが再定義されました。
  (ソース ファイル 'Renderer.cpp' をコンパイルしています)
      C:\C++Files\PrototypeEngine\PrototypeEngine\ExternalLibrary\SDL3-3.2.8\include\SDL3\SDL_version.h(121,9):
      'SDL_VERSION' は以前にコマンド ラインで宣言されています
  
C:\C++Files\PrototypeEngine\PrototypeEngine\Component.h(87,12): warning C4251: 'Component::mName': 'std::basic_string<char,std::char_traits<char>,std::allocator<char>>' には、'Component' のクライアントが使用する DLL インターフェイスが必要です
  (ソース ファイル 'Renderer.cpp' をコンパイルしています)
      C:\Program Files\Microsoft Visual Studio\2022\Community\VC\Tools\MSVC\14.44.35207\include\xstring(541,7):
      'std::basic_string<char,std::char_traits<char>,std::allocator<char>>' の宣言を確認してください
  
C:\C++Files\PrototypeEngine\PrototypeEngine\Renderer.cpp(212,39): warning C4267: '引数': 'size_t' から 'unsigned int' に変換しました。データが失われているかもしれません。
C:\C++Files\PrototypeEngine\PrototypeEngine\Renderer.cpp(210,67): warning C4267: '引数': 'size_t' から 'unsigned int' に変換しました。データが失われているかもしれません。
C:\C++Files\PrototypeEngine\PrototypeEngine\Renderer.cpp(224,39): warning C4267: '引数': 'size_t' から 'unsigned int' に変換しました。データが失われているかもしれません。
C:\C++Files\PrototypeEngine\PrototypeEngine\Renderer.cpp(222,67): warning C4267: '引数': 'size_t' から 'unsigned int' に変換しました。データが失われているかもしれません。
C:\C++Files\PrototypeEngine\PrototypeEngine\Renderer.cpp(600,36): warning C4244: '引数': 'float' から 'GLsizei' への変換です。データが失われる可能性があります。
C:\C++Files\PrototypeEngine\PrototypeEngine\Renderer.cpp(599,42): warning C4244: '引数': 'float' から 'GLsizei' への変換です。データが失われる可能性があります。
  SelectionManager.cpp
C:\C++Files\PrototypeEngine\PrototypeEngine\ExternalLibrary\SDL3-3.2.8\include\SDL3\SDL_version.h(121,9): warning C4005: 'SDL_VERSION': マクロが再定義されました。
  (ソース ファイル 'SelectionManager.cpp' をコンパイルしています)
      C:\C++Files\PrototypeEngine\PrototypeEngine\ExternalLibrary\SDL3-3.2.8\include\SDL3\SDL_version.h(121,9):
      'SDL_VERSION' は以前にコマンド ラインで宣言されています
  
C:\C++Files\PrototypeEngine\PrototypeEngine\Component.h(87,12): warning C4251: 'Component::mName': 'std::basic_string<char,std::char_traits<char>,std::allocator<char>>' には、'Component' のクライアントが使用する DLL インターフェイスが必要です
  (ソース ファイル 'SelectionManager.cpp' をコンパイルしています)
      C:\Program Files\Microsoft Visual Studio\2022\Community\VC\Tools\MSVC\14.44.35207\include\xstring(541,7):
      'std::basic_string<char,std::char_traits<char>,std::allocator<char>>' の宣言を確認してください
  
  SkeletalMeshRenderer.cpp
C:\C++Files\PrototypeEngine\PrototypeEngine\Component.h(87,12): warning C4251: 'Component::mName': 'std::basic_string<char,std::char_traits<char>,std::allocator<char>>' には、'Component' のクライアントが使用する DLL インターフェイスが必要です
  (ソース ファイル 'SkeletalMeshRenderer.cpp' をコンパイルしています)
      C:\Program Files\Microsoft Visual Studio\2022\Community\VC\Tools\MSVC\14.44.35207\include\xstring(541,7):
      'std::basic_string<char,std::char_traits<char>,std::allocator<char>>' の宣言を確認してください
  
C:\C++Files\PrototypeEngine\PrototypeEngine\ExternalLibrary\SDL3-3.2.8\include\SDL3\SDL_version.h(121,9): warning C4005: 'SDL_VERSION': マクロが再定義されました。
  (ソース ファイル 'SkeletalMeshRenderer.cpp' をコンパイルしています)
      C:\C++Files\PrototypeEngine\PrototypeEngine\ExternalLibrary\SDL3-3.2.8\include\SDL3\SDL_version.h(121,9):
      'SDL_VERSION' は以前にコマンド ラインで宣言されています
  
C:\C++Files\PrototypeEngine\PrototypeEngine\SkeletalMeshRenderer.cpp(336,27): warning C4267: '初期化中': 'size_t' から 'int' に変換しました。データが失われているかもしれません。
  コードを生成中...
  PrototypeEngine.vcxproj -> C:\C++Files\PrototypeEngine\bin\PrototypeEngine.exe
