c:\c++files\prototypeengine\prototypeengine\x64\debug\vc143.pdb
c:\c++files\prototypeengine\prototypeengine\x64\debug\vc143.idb
c:\c++files\prototypeengine\prototypeengine\x64\debug\capsulecollider.obj
c:\c++files\prototypeengine\prototypeengine\x64\debug\canvas.obj
c:\c++files\prototypeengine\prototypeengine\x64\debug\callbackmanager.obj
c:\c++files\prototypeengine\prototypeengine\x64\debug\button.obj
c:\c++files\prototypeengine\prototypeengine\x64\debug\boxcollider.obj
c:\c++files\prototypeengine\prototypeengine\x64\debug\bonetransform.obj
c:\c++files\prototypeengine\prototypeengine\x64\debug\boneactor.obj
c:\c++files\prototypeengine\prototypeengine\x64\debug\basescene.obj
c:\c++files\prototypeengine\prototypeengine\x64\debug\basecamera.obj
c:\c++files\prototypeengine\prototypeengine\x64\debug\entity.obj
c:\c++files\prototypeengine\prototypeengine\x64\debug\duplicatecommand.obj
c:\c++files\prototypeengine\prototypeengine\x64\debug\createnewuiactorcommand.obj
c:\c++files\prototypeengine\prototypeengine\x64\debug\createnewcanvascommand.obj
c:\c++files\prototypeengine\prototypeengine\x64\debug\basetransform.obj
c:\c++files\prototypeengine\prototypeengine\x64\debug\audiosystem.obj
c:\c++files\prototypeengine\prototypeengine\x64\debug\audiocomponent.obj
c:\c++files\prototypeengine\prototypeengine\x64\debug\audiobankproperty.obj
c:\c++files\prototypeengine\prototypeengine\x64\debug\animator.obj
c:\c++files\prototypeengine\prototypeengine\x64\debug\animation.obj
c:\c++files\prototypeengine\prototypeengine\x64\debug\actor.obj
c:\c++files\prototypeengine\prototypeengine\x64\debug\renamecommand.obj
c:\c++files\prototypeengine\prototypeengine\x64\debug\recttransform.obj
c:\c++files\prototypeengine\prototypeengine\x64\debug\pasteactorcommand.obj
c:\c++files\prototypeengine\prototypeengine\x64\debug\islandphysic.obj
c:\c++files\prototypeengine\prototypeengine\x64\debug\fileoperationmanager.obj
c:\c++files\prototypeengine\prototypeengine\x64\debug\editortexturemanager.obj
c:\c++files\prototypeengine\prototypeengine\x64\debug\editorsettingsmanager.obj
c:\c++files\prototypeengine\prototypeengine\x64\debug\editormain.obj
c:\c++files\prototypeengine\prototypeengine\x64\debug\editorclipboard.obj
c:\c++files\prototypeengine\prototypeengine\x64\debug\directionallightcomponent.obj
c:\c++files\prototypeengine\prototypeengine\x64\debug\dialogbox.obj
c:\c++files\prototypeengine\prototypeengine\x64\debug\deletecommand.obj
c:\c++files\prototypeengine\prototypeengine\x64\debug\debuggrid.obj
c:\c++files\prototypeengine\prototypeengine\x64\debug\createnewactorcommand.obj
c:\c++files\prototypeengine\prototypeengine\x64\debug\convertnumtostring.obj
c:\c++files\prototypeengine\prototypeengine\x64\debug\componentfactory.obj
c:\c++files\prototypeengine\prototypeengine\x64\debug\component.obj
c:\c++files\prototypeengine\prototypeengine\x64\debug\commandmanager.obj
c:\c++files\prototypeengine\prototypeengine\x64\debug\collision.obj
c:\c++files\prototypeengine\prototypeengine\x64\debug\collider.obj
c:\c++files\prototypeengine\prototypeengine\x64\debug\imgui_draw.obj
c:\c++files\prototypeengine\prototypeengine\x64\debug\imgui_demo.obj
c:\c++files\prototypeengine\prototypeengine\x64\debug\imgui.obj
c:\c++files\prototypeengine\prototypeengine\x64\debug\imguihelper.obj
c:\c++files\prototypeengine\prototypeengine\x64\debug\image.obj
c:\c++files\prototypeengine\prototypeengine\x64\debug\hierarchypanel.obj
c:\c++files\prototypeengine\prototypeengine\x64\debug\guimainmenu.obj
c:\c++files\prototypeengine\prototypeengine\x64\debug\gbuffer.obj
c:\c++files\prototypeengine\prototypeengine\x64\debug\gamewinmain.obj
c:\c++files\prototypeengine\prototypeengine\x64\debug\gameviewpanel.obj
c:\c++files\prototypeengine\prototypeengine\x64\debug\gamemain.obj
c:\c++files\prototypeengine\prototypeengine\x64\debug\gameapp.obj
c:\c++files\prototypeengine\prototypeengine\x64\debug\freecamera.obj
c:\c++files\prototypeengine\prototypeengine\x64\debug\font.obj
c:\c++files\prototypeengine\prototypeengine\x64\debug\tinyxml2.obj
c:\c++files\prototypeengine\prototypeengine\x64\debug\enginewindow.obj
c:\c++files\prototypeengine\prototypeengine\x64\debug\scripteditmanager.obj
c:\c++files\prototypeengine\prototypeengine\x64\debug\reparentandreordercommand.obj
c:\c++files\prototypeengine\prototypeengine\x64\debug\sceneviewpanel.obj
c:\c++files\prototypeengine\prototypeengine\x64\debug\scenevieweditor.obj
c:\c++files\prototypeengine\prototypeengine\x64\debug\sceneserializer.obj
c:\c++files\prototypeengine\prototypeengine\x64\debug\scenemanager.obj
c:\c++files\prototypeengine\prototypeengine\x64\debug\sceneeditorcamera.obj
c:\c++files\prototypeengine\prototypeengine\x64\debug\rigidbody.obj
c:\c++files\prototypeengine\prototypeengine\x64\debug\renderer.obj
c:\c++files\prototypeengine\prototypeengine\x64\debug\random.obj
c:\c++files\prototypeengine\prototypeengine\x64\debug\projectpanel.obj
c:\c++files\prototypeengine\prototypeengine\x64\debug\physworld.obj
c:\c++files\prototypeengine\prototypeengine\x64\debug\particlesystem.obj
c:\c++files\prototypeengine\prototypeengine\x64\debug\actormanager.obj
c:\c++files\prototypeengine\prototypeengine\x64\debug\meshrenderer.obj
c:\c++files\prototypeengine\prototypeengine\x64\debug\mesh.obj
c:\c++files\prototypeengine\prototypeengine\x64\debug\math.obj
c:\c++files\prototypeengine\prototypeengine\x64\debug\inputsystem.obj
c:\c++files\prototypeengine\prototypeengine\x64\debug\imgui_widgets.obj
c:\c++files\prototypeengine\prototypeengine\x64\debug\imgui_tables.obj
c:\c++files\prototypeengine\prototypeengine\x64\debug\imgui_impl_sdl3.obj
c:\c++files\prototypeengine\prototypeengine\x64\debug\imgui_impl_opengl3.obj
c:\c++files\prototypeengine\prototypeengine\x64\debug\vertexarray.obj
c:\c++files\prototypeengine\prototypeengine\x64\debug\uiactormanager.obj
c:\c++files\prototypeengine\prototypeengine\x64\debug\uiactor.obj
c:\c++files\prototypeengine\prototypeengine\x64\debug\transform.obj
c:\c++files\prototypeengine\prototypeengine\x64\debug\toolbarpanel.obj
c:\c++files\prototypeengine\prototypeengine\x64\debug\time.obj
c:\c++files\prototypeengine\prototypeengine\x64\debug\texture.obj
c:\c++files\prototypeengine\prototypeengine\x64\debug\text.obj
c:\c++files\prototypeengine\prototypeengine\x64\debug\stb_impl.obj
c:\c++files\prototypeengine\prototypeengine\x64\debug\spherecollider.obj
c:\c++files\prototypeengine\prototypeengine\x64\debug\soundeventclip.obj
c:\c++files\prototypeengine\prototypeengine\x64\debug\skyboxrenderer.obj
c:\c++files\prototypeengine\prototypeengine\x64\debug\skeleton.obj
c:\c++files\prototypeengine\prototypeengine\x64\debug\skeletalmeshrenderer.obj
c:\c++files\prototypeengine\prototypeengine\x64\debug\shadowmap.obj
c:\c++files\prototypeengine\prototypeengine\x64\debug\shader.obj
c:\c++files\prototypeengine\prototypeengine\x64\debug\selectionmanager.obj
c:\c++files\prototypeengine\prototypeengine\x64\debug\scripthotreloadmanager.obj
c:\c++files\prototypeengine\prototypeengine\x64\debug\scriptcomponent.obj
c:\c++files\prototypeengine\prototypeengine\x64\debug\inspectorpanel.obj
c:\c++files\prototypeengine\prototypeengine\x64\debug\windowrenderproperty.obj
c:\c++files\prototypeengine\prototypeengine\x64\debug\editorwindow.obj
c:\c++files\prototypeengine\prototypeengine\x64\debug\editorwindowfactory.obj
c:\c++files\prototypeengine\prototypeengine\x64\debug\guieditormanager.obj
c:\c++files\prototypeengine\prototypeengine\x64\debug\aboutenginepanel.obj
c:\c++files\prototypeengine\prototypeengine\x64\debug\hierarchyexplanationpanel.obj
c:\c++files\prototypeengine\bin\prototypeengine.exe
c:\c++files\prototypeengine\bin\prototypeengine.pdb
c:\c++files\prototypeengine\bin\prototypeengine.lib
c:\c++files\prototypeengine\bin\prototypeengine.exp
c:\c++files\prototypeengine\prototypeengine\x64\debug\prototypeengine.ilk
c:\c++files\prototypeengine\prototypeengine\x64\debug\composite.obj
c:\c++files\prototypeengine\prototypeengine\x64\debug\guicomponent.obj
c:\c++files\prototypeengine\prototypeengine\x64\debug\guipanel.obj
c:\c++files\prototypeengine\prototypeengine\x64\debug\guirootmainpanel.obj
c:\c++files\prototypeengine\prototypeengine\x64\debug\guiwinmain.obj
c:\c++files\prototypeengine\prototypeengine\x64\debug\leaf.obj
c:\c++files\prototypeengine\prototypeengine\x64\debug\splitnode.obj
c:\c++files\prototypeengine\prototypeengine\x64\debug\prototypeengine.tlog\cl.command.1.tlog
c:\c++files\prototypeengine\prototypeengine\x64\debug\prototypeengine.tlog\cl.items.tlog
c:\c++files\prototypeengine\prototypeengine\x64\debug\prototypeengine.tlog\cl.read.1.tlog
c:\c++files\prototypeengine\prototypeengine\x64\debug\prototypeengine.tlog\cl.write.1.tlog
c:\c++files\prototypeengine\prototypeengine\x64\debug\prototypeengine.tlog\link.command.1.tlog
c:\c++files\prototypeengine\prototypeengine\x64\debug\prototypeengine.tlog\link.read.1.tlog
c:\c++files\prototypeengine\prototypeengine\x64\debug\prototypeengine.tlog\link.secondary.1.tlog
c:\c++files\prototypeengine\prototypeengine\x64\debug\prototypeengine.tlog\link.write.1.tlog
