c:\c++files\prototypeengine\ingameproject\x64\release\ingameproject.pch
c:\c++files\prototypeengine\ingameproject\x64\release\vc143.pdb
c:\c++files\prototypeengine\ingameproject\x64\release\pch.obj
c:\c++files\prototypeengine\ingameproject\x64\release\ingameproject_api.obj
c:\c++files\prototypeengine\ingameproject\x64\release\dllmain.obj
c:\c++files\prototypeengine\bin\ingameproject.dll
c:\c++files\prototypeengine\bin\ingameproject.pdb
c:\c++files\prototypeengine\bin\ingameproject.lib
c:\c++files\prototypeengine\bin\ingameproject.exp
c:\c++files\prototypeengine\ingameproject\x64\release\ingameproject.ipdb
c:\c++files\prototypeengine\ingameproject\x64\release\ingameproject.iobj
c:\c++files\prototypeengine\ingameproject\x64\release\newscript.obj
c:\c++files\prototypeengine\ingameproject\x64\release\newssscript.obj
c:\c++files\prototypeengine\ingameproject\x64\release\ingameproject.tlog\cl.command.1.tlog
c:\c++files\prototypeengine\ingameproject\x64\release\ingameproject.tlog\cl.items.tlog
c:\c++files\prototypeengine\ingameproject\x64\release\ingameproject.tlog\cl.read.1.tlog
c:\c++files\prototypeengine\ingameproject\x64\release\ingameproject.tlog\cl.write.1.tlog
c:\c++files\prototypeengine\ingameproject\x64\release\ingameproject.tlog\link.command.1.tlog
c:\c++files\prototypeengine\ingameproject\x64\release\ingameproject.tlog\link.read.1.tlog
c:\c++files\prototypeengine\ingameproject\x64\release\ingameproject.tlog\link.secondary.1.tlog
c:\c++files\prototypeengine\ingameproject\x64\release\ingameproject.tlog\link.write.1.tlog
