c:\c++files\prototypeengine\prototypeengine\x64\release\vc143.pdb
c:\c++files\prototypeengine\prototypeengine\x64\release\callbackmanager.obj
c:\c++files\prototypeengine\prototypeengine\x64\release\button.obj
c:\c++files\prototypeengine\prototypeengine\x64\release\boxcollider.obj
c:\c++files\prototypeengine\prototypeengine\x64\release\bonetransform.obj
c:\c++files\prototypeengine\prototypeengine\x64\release\boneactor.obj
c:\c++files\prototypeengine\prototypeengine\x64\release\basescene.obj
c:\c++files\prototypeengine\prototypeengine\x64\release\basecamera.obj
c:\c++files\prototypeengine\prototypeengine\x64\release\entity.obj
c:\c++files\prototypeengine\prototypeengine\x64\release\editorwindowfactory.obj
c:\c++files\prototypeengine\prototypeengine\x64\release\duplicatecommand.obj
c:\c++files\prototypeengine\prototypeengine\x64\release\createnewuiactorcommand.obj
c:\c++files\prototypeengine\prototypeengine\x64\release\createnewcanvascommand.obj
c:\c++files\prototypeengine\prototypeengine\x64\release\basetransform.obj
c:\c++files\prototypeengine\prototypeengine\x64\release\audiosystem.obj
c:\c++files\prototypeengine\prototypeengine\x64\release\audiocomponent.obj
c:\c++files\prototypeengine\prototypeengine\x64\release\audiobankproperty.obj
c:\c++files\prototypeengine\prototypeengine\x64\release\animator.obj
c:\c++files\prototypeengine\prototypeengine\x64\release\animation.obj
c:\c++files\prototypeengine\prototypeengine\x64\release\actor.obj
c:\c++files\prototypeengine\prototypeengine\x64\release\aboutenginepanel.obj
c:\c++files\prototypeengine\prototypeengine\x64\release\inspectorexplanationpanel.obj
c:\c++files\prototypeengine\prototypeengine\x64\release\hierarchyexplanationpanel.obj
c:\c++files\prototypeengine\prototypeengine\x64\release\fileoperationmanager.obj
c:\c++files\prototypeengine\prototypeengine\x64\release\editortexturemanager.obj
c:\c++files\prototypeengine\prototypeengine\x64\release\editorsettingsmanager.obj
c:\c++files\prototypeengine\prototypeengine\x64\release\editormain.obj
c:\c++files\prototypeengine\prototypeengine\x64\release\editorclipboard.obj
c:\c++files\prototypeengine\prototypeengine\x64\release\directionallightcomponent.obj
c:\c++files\prototypeengine\prototypeengine\x64\release\dialogbox.obj
c:\c++files\prototypeengine\prototypeengine\x64\release\deletecommand.obj
c:\c++files\prototypeengine\prototypeengine\x64\release\debuggrid.obj
c:\c++files\prototypeengine\prototypeengine\x64\release\createnewactorcommand.obj
c:\c++files\prototypeengine\prototypeengine\x64\release\stringconvertoperation.obj
c:\c++files\prototypeengine\prototypeengine\x64\release\componentfactory.obj
c:\c++files\prototypeengine\prototypeengine\x64\release\component.obj
c:\c++files\prototypeengine\prototypeengine\x64\release\commandmanager.obj
c:\c++files\prototypeengine\prototypeengine\x64\release\collision.obj
c:\c++files\prototypeengine\prototypeengine\x64\release\collider.obj
c:\c++files\prototypeengine\prototypeengine\x64\release\capsulecollider.obj
c:\c++files\prototypeengine\prototypeengine\x64\release\canvas.obj
c:\c++files\prototypeengine\prototypeengine\x64\release\hierarchypanel.obj
c:\c++files\prototypeengine\prototypeengine\x64\release\guieditormanager.obj
c:\c++files\prototypeengine\prototypeengine\x64\release\editorwindow.obj
c:\c++files\prototypeengine\prototypeengine\x64\release\guimainmenu.obj
c:\c++files\prototypeengine\prototypeengine\x64\release\gbuffer.obj
c:\c++files\prototypeengine\prototypeengine\x64\release\gamewinmain.obj
c:\c++files\prototypeengine\prototypeengine\x64\release\gameviewpanel.obj
c:\c++files\prototypeengine\prototypeengine\x64\release\gamemain.obj
c:\c++files\prototypeengine\prototypeengine\x64\release\gameapp.obj
c:\c++files\prototypeengine\prototypeengine\x64\release\freecamera.obj
c:\c++files\prototypeengine\prototypeengine\x64\release\font.obj
c:\c++files\prototypeengine\prototypeengine\x64\release\tinyxml2.obj
c:\c++files\prototypeengine\prototypeengine\x64\release\enginewindow.obj
c:\c++files\prototypeengine\prototypeengine\x64\release\scripteditmanager.obj
c:\c++files\prototypeengine\prototypeengine\x64\release\reparentandreordercommand.obj
c:\c++files\prototypeengine\prototypeengine\x64\release\renamecommand.obj
c:\c++files\prototypeengine\prototypeengine\x64\release\recttransform.obj
c:\c++files\prototypeengine\prototypeengine\x64\release\projectexplanationpanel.obj
c:\c++files\prototypeengine\prototypeengine\x64\release\pasteactorcommand.obj
c:\c++files\prototypeengine\prototypeengine\x64\release\islandphysic.obj
c:\c++files\prototypeengine\prototypeengine\x64\release\rigidbody.obj
c:\c++files\prototypeengine\prototypeengine\x64\release\renderer.obj
c:\c++files\prototypeengine\prototypeengine\x64\release\random.obj
c:\c++files\prototypeengine\prototypeengine\x64\release\projectpanel.obj
c:\c++files\prototypeengine\prototypeengine\x64\release\physworld.obj
c:\c++files\prototypeengine\prototypeengine\x64\release\particlesystem.obj
c:\c++files\prototypeengine\prototypeengine\x64\release\actormanager.obj
c:\c++files\prototypeengine\prototypeengine\x64\release\meshrenderer.obj
c:\c++files\prototypeengine\prototypeengine\x64\release\mesh.obj
c:\c++files\prototypeengine\prototypeengine\x64\release\math.obj
c:\c++files\prototypeengine\prototypeengine\x64\release\inputsystem.obj
c:\c++files\prototypeengine\prototypeengine\x64\release\imgui_widgets.obj
c:\c++files\prototypeengine\prototypeengine\x64\release\imgui_tables.obj
c:\c++files\prototypeengine\prototypeengine\x64\release\imgui_impl_sdl3.obj
c:\c++files\prototypeengine\prototypeengine\x64\release\imgui_impl_opengl3.obj
c:\c++files\prototypeengine\prototypeengine\x64\release\imgui_draw.obj
c:\c++files\prototypeengine\prototypeengine\x64\release\imgui_demo.obj
c:\c++files\prototypeengine\prototypeengine\x64\release\imgui.obj
c:\c++files\prototypeengine\prototypeengine\x64\release\imguihelper.obj
c:\c++files\prototypeengine\prototypeengine\x64\release\image.obj
c:\c++files\prototypeengine\prototypeengine\x64\release\time.obj
c:\c++files\prototypeengine\prototypeengine\x64\release\texture.obj
c:\c++files\prototypeengine\prototypeengine\x64\release\text.obj
c:\c++files\prototypeengine\prototypeengine\x64\release\stb_impl.obj
c:\c++files\prototypeengine\prototypeengine\x64\release\spherecollider.obj
c:\c++files\prototypeengine\prototypeengine\x64\release\soundeventclip.obj
c:\c++files\prototypeengine\prototypeengine\x64\release\skyboxrenderer.obj
c:\c++files\prototypeengine\prototypeengine\x64\release\skeleton.obj
c:\c++files\prototypeengine\prototypeengine\x64\release\skeletalmeshrenderer.obj
c:\c++files\prototypeengine\prototypeengine\x64\release\shadowmap.obj
c:\c++files\prototypeengine\prototypeengine\x64\release\shader.obj
c:\c++files\prototypeengine\prototypeengine\x64\release\selectionmanager.obj
c:\c++files\prototypeengine\prototypeengine\x64\release\scripthotreloadmanager.obj
c:\c++files\prototypeengine\prototypeengine\x64\release\scriptcomponent.obj
c:\c++files\prototypeengine\prototypeengine\x64\release\inspectorpanel.obj
c:\c++files\prototypeengine\prototypeengine\x64\release\sceneviewpanel.obj
c:\c++files\prototypeengine\prototypeengine\x64\release\scenevieweditor.obj
c:\c++files\prototypeengine\prototypeengine\x64\release\sceneserializer.obj
c:\c++files\prototypeengine\prototypeengine\x64\release\scenemanager.obj
c:\c++files\prototypeengine\prototypeengine\x64\release\sceneeditorcamera.obj
c:\c++files\prototypeengine\prototypeengine\x64\release\windowrenderproperty.obj
c:\c++files\prototypeengine\prototypeengine\x64\release\vertexarray.obj
c:\c++files\prototypeengine\prototypeengine\x64\release\uiactormanager.obj
c:\c++files\prototypeengine\prototypeengine\x64\release\uiactor.obj
c:\c++files\prototypeengine\prototypeengine\x64\release\transform.obj
c:\c++files\prototypeengine\prototypeengine\x64\release\toolbarpanel.obj
c:\c++files\prototypeengine\bin\prototypeengine.exe
c:\c++files\prototypeengine\bin\prototypeengine.pdb
c:\c++files\prototypeengine\bin\prototypeengine.lib
c:\c++files\prototypeengine\bin\prototypeengine.exp
c:\c++files\prototypeengine\prototypeengine\x64\release\prototypeengine.ipdb
c:\c++files\prototypeengine\prototypeengine\x64\release\prototypeengine.iobj
c:\c++files\prototypeengine\prototypeengine\x64\release\prototypeengine.tlog\cl.command.1.tlog
c:\c++files\prototypeengine\prototypeengine\x64\release\prototypeengine.tlog\cl.items.tlog
c:\c++files\prototypeengine\prototypeengine\x64\release\prototypeengine.tlog\cl.read.1.tlog
c:\c++files\prototypeengine\prototypeengine\x64\release\prototypeengine.tlog\cl.write.1.tlog
c:\c++files\prototypeengine\prototypeengine\x64\release\prototypeengine.tlog\link.command.1.tlog
c:\c++files\prototypeengine\prototypeengine\x64\release\prototypeengine.tlog\link.read.1.tlog
c:\c++files\prototypeengine\prototypeengine\x64\release\prototypeengine.tlog\link.secondary.1.tlog
c:\c++files\prototypeengine\prototypeengine\x64\release\prototypeengine.tlog\link.write.1.tlog
