  InspectorPanel.cpp
C:\C++Files\PrototypeEngine\PrototypeEngine\ExternalLibrary\SDL3-3.2.8\include\SDL3\SDL_version.h(121,9): warning C4005: 'SDL_VERSION': マクロが再定義されました。
  (ソース ファイル 'InspectorPanel.cpp' をコンパイルしています)
      C:\C++Files\PrototypeEngine\PrototypeEngine\ExternalLibrary\SDL3-3.2.8\include\SDL3\SDL_version.h(121,9):
      'SDL_VERSION' は以前にコマンド ラインで宣言されています
  
C:\C++Files\PrototypeEngine\PrototypeEngine\Component.h(80,12): warning C4251: 'Component::mName': 'std::basic_string<char,std::char_traits<char>,std::allocator<char>>' には、'Component' のクライアントが使用する DLL インターフェイスが必要です
  (ソース ファイル 'InspectorPanel.cpp' をコンパイルしています)
      C:\Program Files\Microsoft Visual Studio\2022\Community\VC\Tools\MSVC\14.44.35207\include\xstring(541,7):
      'std::basic_string<char,std::char_traits<char>,std::allocator<char>>' の宣言を確認してください
  
C:\C++Files\PrototypeEngine\PrototypeEngine\ComponentFactory.h(18,44): warning C4251: 'ComponentFactory::sCreators': 'std::map<string,ComponentCreator,std::less<string>,std::allocator<std::pair<const string,ComponentCreator>>>' には、'ComponentFactory' のクライアントが使用する DLL インターフェイスが必要です
  (ソース ファイル 'InspectorPanel.cpp' をコンパイルしています)
      C:\Program Files\Microsoft Visual Studio\2022\Community\VC\Tools\MSVC\14.44.35207\include\map(72,7):
      'std::map<string,ComponentCreator,std::less<string>,std::allocator<std::pair<const string,ComponentCreator>>>' の宣言を確認してください
  
LINK : warning LNK4075: /INCREMENTAL は /LTCG の指定によって無視されます。
     ライブラリ C:\C++Files\PrototypeEngine\bin\PrototypeEngine.lib とオブジェクト C:\C++Files\PrototypeEngine\bin\PrototypeEngine.exp を作成中
LINK : warning LNK4098: defaultlib 'LIBCMT' は他のライブラリの使用と競合しています。/NODEFAULTLIB:library を使用してください。
  コード生成しています。
  2 of 13645 functions (<0.1%) were compiled, the rest were copied from previous compilation.
    0 functions were new in current compilation
    93 functions had inline decision re-evaluated but remain unchanged
  コード生成が終了しました。
  PrototypeEngine.vcxproj -> C:\C++Files\PrototypeEngine\bin\PrototypeEngine.exe
