c:\c++files\prototypeengine\ingameproject\x64\debug\ingameproject.pch
c:\c++files\prototypeengine\ingameproject\x64\debug\vc143.pdb
c:\c++files\prototypeengine\ingameproject\x64\debug\vc143.idb
c:\c++files\prototypeengine\ingameproject\x64\debug\pch.obj
c:\c++files\prototypeengine\ingameproject\x64\debug\dllmain.obj
c:\c++files\prototypeengine\ingameproject\x64\debug\ingameproject_api.obj
c:\c++files\prototypeengine\bin\ingameproject.dll
c:\c++files\prototypeengine\bin\ingameproject.pdb
c:\c++files\prototypeengine\bin\ingameproject.lib
c:\c++files\prototypeengine\bin\ingameproject.exp
c:\c++files\prototypeengine\ingameproject\x64\debug\ingameproject.ilk
c:\c++files\prototypeengine\ingameproject\x64\debug\abcscript.obj
c:\c++files\prototypeengine\ingameproject\x64\debug\absdscript.obj
c:\c++files\prototypeengine\ingameproject\x64\debug\absscript.obj
c:\c++files\prototypeengine\ingameproject\x64\debug\addtestscript.obj
c:\c++files\prototypeengine\ingameproject\x64\debug\cvbscript.obj
c:\c++files\prototypeengine\ingameproject\x64\debug\newscript.obj
c:\c++files\prototypeengine\ingameproject\x64\debug\newtestscript.obj
c:\c++files\prototypeengine\ingameproject\x64\debug\playerscript.obj
c:\c++files\prototypeengine\ingameproject\x64\debug\samplescript.obj
c:\c++files\prototypeengine\ingameproject\x64\debug\sscript.obj
c:\c++files\prototypeengine\ingameproject\x64\debug\testscript.obj
c:\c++files\prototypeengine\ingameproject\x64\debug\ingameproject.tlog\cl.command.1.tlog
c:\c++files\prototypeengine\ingameproject\x64\debug\ingameproject.tlog\cl.items.tlog
c:\c++files\prototypeengine\ingameproject\x64\debug\ingameproject.tlog\cl.read.1.tlog
c:\c++files\prototypeengine\ingameproject\x64\debug\ingameproject.tlog\cl.write.1.tlog
c:\c++files\prototypeengine\ingameproject\x64\debug\ingameproject.tlog\link.command.1.tlog
c:\c++files\prototypeengine\ingameproject\x64\debug\ingameproject.tlog\link.read.1.tlog
c:\c++files\prototypeengine\ingameproject\x64\debug\ingameproject.tlog\link.secondary.1.tlog
c:\c++files\prototypeengine\ingameproject\x64\debug\ingameproject.tlog\link.write.1.tlog
